Fri Aug 28 16:02:53 UTC 2026
Sat Aug 29 05:42:38 UTC 2026
Sun Aug 30 03:43:53 UTC 2026
Mon Aug 31 03:45:03 UTC 2026
Tue Sep  1 03:39:01 UTC 2026
Wed Sep  2 02:57:42 UTC 2026
Thu Sep  3 03:00:06 UTC 2026
Fri Sep  4 02:59:34 UTC 2026
Sat Sep  5 03:01:00 UTC 2026
Sun Sep  6 03:00:24 UTC 2026
Mon Sep  7 02:58:24 UTC 2026
Tue Sep  8 03:08:25 UTC 2026
Wed Sep  9 03:10:10 UTC 2026
Thu Sep 10 03:10:03 UTC 2026
Fri Sep 11 03:05:18 UTC 2026
Sat Sep 12 03:11:51 UTC 2026
Sun Sep 13 03:15:22 UTC 2026
Mon Sep 14 03:27:44 UTC 2026
Tue Sep 15 03:28:42 UTC 2026
Wed Sep 16 03:24:34 UTC 2026
Thu Sep 17 03:30:22 UTC 2026
Fri Sep 18 03:16:13 UTC 2026
Sat Sep 19 03:12:37 UTC 2026
Sun Sep 20 03:29:29 UTC 2026
Mon Sep 21 03:24:30 UTC 2026
Tue Sep 22 03:23:34 UTC 2026
Wed Sep 23 03:24:37 UTC 2026
Thu Sep 24 03:13:51 UTC 2026
Fri Sep 25 03:31:28 UTC 2026
